Archive member included because of file (symbol)

lib_generic/libgeneric.a(string.o)
                              cpu/arm_cortexm3/start.o (memset)
cpu/arm_cortexm3/libarm_cortexm3.a(cpu.o)
                              cpu/arm_cortexm3/start.o (cortex_m3_irq_vec_get)
cpu/arm_cortexm3/libarm_cortexm3.a(cmd_cptf.o)
                              (__u_boot_cmd_cptf)
cpu/arm_cortexm3/libarm_cortexm3.a(timer.o)
                              cpu/arm_cortexm3/libarm_cortexm3.a(cpu.o) (timer_init)
cpu/arm_cortexm3/stm32/libstm32.a(clock.o)
                              cpu/arm_cortexm3/libarm_cortexm3.a(timer.o) (clock_get)
cpu/arm_cortexm3/stm32/libstm32.a(envm.o)
                              cpu/arm_cortexm3/stm32/libstm32.a(clock.o) (envm_config)
cpu/arm_cortexm3/stm32/libstm32.a(wdt.o)
                              cpu/arm_cortexm3/start.o (wdt_disable)
lib_arm/libarm.a(board.o)     cpu/arm_cortexm3/start.o (start_armboot)
lib_arm/libarm.a(interrupts.o)
                              lib_arm/libarm.a(board.o) (enable_interrupts)
net/libnet.a(eth.o)           lib_arm/libarm.a(board.o) (eth_initialize)
net/libnet.a(net.o)           lib_arm/libarm.a(board.o) (copy_filename)
net/libnet.a(rarp.o)          net/libnet.a(net.o) (RarpRequest)
net/libnet.a(tftp.o)          net/libnet.a(net.o) (TftpStart)
net/libnet.a(bootp.o)         net/libnet.a(net.o) (BootpRequest)
drivers/mtd/libmtd.a(cfi_flash.o)
                              lib_arm/libarm.a(board.o) (flash_init)
drivers/serial/libserial.a(stm32_usart.o)
                              lib_arm/libarm.a(board.o) (serial_init)
common/libcommon.a(cmd_bdinfo.o)
                              (__u_boot_cmd_bdinfo)
common/libcommon.a(cmd_boot.o)
                              (__u_boot_cmd_go)
common/libcommon.a(cmd_bootm.o)
                              lib_arm/libarm.a(board.o) (load_addr)
common/libcommon.a(cmd_flash.o)
                              (__u_boot_cmd_flinfo)
common/libcommon.a(cmd_help.o)
                              (__u_boot_cmd_help)
common/libcommon.a(cmd_load.o)
                              (__u_boot_cmd_loadb)
common/libcommon.a(cmd_mem.o)
                              (__u_boot_cmd_md)
common/libcommon.a(cmd_net.o)
                              (__u_boot_cmd_bootp)
common/libcommon.a(cmd_nvedit.o)
                              net/libnet.a(eth.o) (get_env_id)
common/libcommon.a(cmd_version.o)
                              (__u_boot_cmd_version)
common/libcommon.a(command.o)
                              common/libcommon.a(cmd_mem.o) (cmd_get_data_size)
common/libcommon.a(console.o)
                              cpu/arm_cortexm3/start.o (printf)
common/libcommon.a(dlmalloc.o)
                              lib_generic/libgeneric.a(string.o) (malloc)
common/libcommon.a(env_common.o)
                              common/libcommon.a(cmd_nvedit.o) (env_get_addr)
common/libcommon.a(env_flash.o)
                              common/libcommon.a(env_common.o) (env_get_char_spec)
common/libcommon.a(exports.o)
                              lib_arm/libarm.a(board.o) (jumptable_init)
common/libcommon.a(flash.o)   common/libcommon.a(cmd_load.o) (addr2info)
common/libcommon.a(image.o)   common/libcommon.a(cmd_bootm.o) (genimg_get_os_name)
common/libcommon.a(main.o)    common/libcommon.a(cmd_nvedit.o) (do_run)
common/libcommon.a(stdio.o)   lib_arm/libarm.a(board.o) (stdio_init)
common/libcommon.a(xyzModem.o)
                              common/libcommon.a(cmd_load.o) (xyzModem_error)
board/stm/stm3240g-eval/libstm3240g-eval.a(board.o)
                              lib_arm/libarm.a(board.o) (board_init)
lib_generic/libgeneric.a(crc16.o)
                              common/libcommon.a(xyzModem.o) (cyg_crc16)
lib_generic/libgeneric.a(crc32.o)
                              common/libcommon.a(cmd_mem.o) (crc32)
lib_generic/libgeneric.a(display_options.o)
                              lib_arm/libarm.a(board.o) (print_size)
lib_generic/libgeneric.a(gunzip.o)
                              common/libcommon.a(cmd_bootm.o) (gunzip)
lib_generic/libgeneric.a(net_utils.o)
                              lib_arm/libarm.a(board.o) (string_to_ip)
lib_generic/libgeneric.a(time.o)
                              drivers/mtd/libmtd.a(cfi_flash.o) (udelay)
lib_generic/libgeneric.a(vsprintf.o)
                              cpu/arm_cortexm3/libarm_cortexm3.a(cmd_cptf.o) (simple_strtoul)
lib_generic/libgeneric.a(zlib.o)
                              lib_generic/libgeneric.a(gunzip.o) (inflateInit2_)
lib_generic/libgeneric.a(ctype.o)
                              lib_generic/libgeneric.a(display_options.o) (_ctype)
lib_generic/libgeneric.a(div64.o)
                              lib_generic/libgeneric.a(vsprintf.o) (__div64_32)
cpu/arm_cortexm3/stm32/libstm32.a(cpu.o)
                              lib_arm/libarm.a(board.o) (print_cpuinfo)
cpu/arm_cortexm3/stm32/libstm32.a(fsmc.o)
                              board/stm/stm3240g-eval/libstm3240g-eval.a(board.o) (fsmc_nor_psram_init)
[...]
Memory Configuration

Name             Origin             Length             Attributes
NVM              0x00000000         0x00100000         r
RAM              0x20000000         0x00005000         rw
RAM_BUF          0x20005000         0x00016000         r
MALLOC           0x2001b000         0x00004000         r
STACK            0x2001f000         0x00001000         r
*default*        0x00000000         0xffffffff

Linker script and memory map


.vectors        0x00000000      0x298
 *(.vectors)
 .vectors       0x00000000      0x298 cpu/arm_cortexm3/start.o
                0x00000000                vectors

.kinetis_flash_conf
 *(.kinetis_flash_conf)

.lpc18xx_image_top
 *(.lpc18xx_image_top_text)
 *(.lpc18xx_image_top_data)

.text           0x00000298    0x15874
 *(.text)
 .text          0x00000298      0x128 cpu/arm_cortexm3/start.o
                0x000002a0                default_isr
                0x00000374                _start
 .text          0x000003c0      0x7e0 lib_generic/libgeneric.a(string.o)
                0x000003c0                strcpy
                0x000003d0                strncpy
                0x00000408                strcat
                0x00000430                strncat
                0x000004a8                strcmp
                0x000004c8                strncmp
                0x00000540                strchr
                0x00000560                strrchr
                0x000005b4                strlen
                0x000005cc                strnlen
                0x0000060c                strspn
                0x0000064c                strpbrk
                0x00000684                strtok
                0x00000730                strsep
                0x00000784                strswab
                0x000007b8                memset
                0x0000084c                bcopy
                0x00000894                memcpy
                0x00000930                memmove
                0x000009d4                memcmp
                0x00000a44                memscan
                0x00000a84                strstr
                0x00000b3c                memchr
                0x00000b6c                strdup
 .text          0x00000ba0       0x7c cpu/arm_cortexm3/libarm_cortexm3.a(cpu.o)
                0x00000ba0                cleanup_before_linux
                0x00000ba4                cortex_m3_irq_vec_get
                0x00000bb4                cortex_m3_mpu_add_region
                0x00000bc4                cortex_m3_mpu_enable
                0x00000bd8                cortex_m3_mpu_full_access
                0x00000bf8                arch_cpu_init
 .text          0x00000c1c       0xa8 cpu/arm_cortexm3/libarm_cortexm3.a(cmd_cptf.o)
                0x00000c1c                do_cptf
 .text          0x00000cc4      0x114 cpu/arm_cortexm3/libarm_cortexm3.a(timer.o)
                0x00000cc4                timer_init
                0x00000cf4                reset_timer
                0x00000d10                get_tbclk
                0x00000d20                __udelay
                0x00000d74                get_timer
 .text          0x00000dd8      0x164 cpu/arm_cortexm3/stm32/libstm32.a(clock.o)
                0x00000dd8                clock_init
 .text          0x00000f3c       0x60 cpu/arm_cortexm3/stm32/libstm32.a(envm.o)
                0x00000f3c                envm_config
                0x00000f54                envm_init
 .text          0x00000f9c        0xc cpu/arm_cortexm3/stm32/libstm32.a(wdt.o)
                0x00000f9c                wdt_strobe
                0x00000fa0                wdt_disable
                0x00000fa4                wdt_enable
 .text          0x00000fa8      0x1b8 lib_arm/libarm.a(board.o)
                0x00000fa8                coloured_LED_init
                0x00000fa8                __coloured_LED_init
                0x00000fac                red_LED_on
                0x00000fac                __red_LED_on
                0x00000fb0                __red_LED_off
                0x00000fb0                red_LED_off
                0x00000fb4                green_LED_on
                0x00000fb4                __green_LED_on
                0x00000fb8                __green_LED_off
                0x00000fb8                green_LED_off
                0x00000fbc                __yellow_LED_on
                0x00000fbc                yellow_LED_on
                0x00000fc0                __yellow_LED_off
                0x00000fc0                yellow_LED_off
                0x00000fc4                blue_LED_on
                0x00000fc4                __blue_LED_on
                0x00000fc8                blue_LED_off
                0x00000fc8                __blue_LED_off
                0x00000fcc                hang
                0x00001050                start_armboot
 .text          0x00001160      0x1c8 lib_arm/libarm.a(interrupts.o)
                0x00001160                enable_interrupts
                0x00001164                disable_interrupts
                0x00001168                show_regs
                0x0000124c                bad_mode
                0x00001264                do_irq
                0x00001280                do_fiq
                0x0000129c                do_not_used
                0x000012b8                do_data_abort
                0x000012d4                do_prefetch_abort
                0x000012f0                do_software_interrupt
                0x0000130c                do_undefined_instruction
 .text          0x00001328      0x5bc net/libnet.a(eth.o)
                0x00001328                cpu_eth_init
                0x00001330                eth_get_dev
                0x0000133c                eth_get_dev_by_index
                0x00001384                eth_get_dev_index
                0x000013b8                eth_halt
                0x000013d4                eth_send
                0x000013f4                eth_rx
                0x00001410                eth_get_name
                0x00001428                eth_get_dev_by_name
                0x00001450                eth_set_current
                0x000014b0                eth_try_another
                0x0000151c                eth_register
                0x00001564                eth_setenv_enetaddr
                0x00001588                eth_parse_enetaddr
                0x00001664                eth_getenv_enetaddr
                0x000016a0                eth_getenv_enetaddr_by_index
                0x000016d0                eth_init
                0x00001758                eth_initialize
 .text          0x000018e4      0xca8 net/libnet.a(net.o)
                0x000018f4                NetSetHandler
                0x00001900                NetCksumOk
                0x00001968                NetCksum
                0x000019bc                copy_filename
                0x00001a2c                string_to_VLAN
                0x00001a54                getenv_VLAN
                0x00001a60                NetEthHdrSize
                0x00001a8c                VLAN_to_string
                0x00001ac4                ip_to_string
                0x00001b08                NetSetEther
                0x00001b80                NetSendPacket
                0x00001b84                NetReceive
                0x00001f1c                ArpRequest
                0x00001fd4                NetSetTimeout
                0x00001ff4                NetStartAgain
                0x000020a8                ArpTimeoutCheck
                0x000020f0                NetSetIP
                0x000021e4                NetSendUDPPacket
                0x000022d0                NetLoop
 .text          0x0000258c      0x120 net/libnet.a(rarp.o)
                0x0000258c                RarpRequest
 .text          0x000026ac      0x674 net/libnet.a(tftp.o)
                0x000027cc                TftpStart
 .text          0x00002d20      0x510 net/libnet.a(bootp.o)
                0x00002d20                BootpRequest
 .text          0x00003230     0x1a10 drivers/mtd/libmtd.a(cfi_flash.o)
                0x00003230                flash_get_info
                0x00003250                flash_sector_size
                0x00003304                flash_write_cmd
                0x000034dc                flash_cmd_reset
                0x000034dc                __flash_cmd_reset
                0x000034f8                flash_set_verbose
                0x00003504                flash_get_size
                0x00003db8                flash_read_factory_serial
                0x00003df8                flash_read_user_serial
                0x00004080                flash_real_protect
                0x000041a4                flash_init
                0x00004504                write_buff
                0x000046e0                flash_print_info
                0x0000487c                flash_erase
 .text          0x00004c40      0x124 drivers/serial/libserial.a(stm32_usart.o)
                0x00004c40                serial_getc
                0x00004c58                serial_putc
                0x00004c80                serial_puts
                0x00004c98                serial_tstc
                0x00004ca8                serial_setbrg
                0x00004cf8                serial_init
 .text          0x00004d64       0xac common/libcommon.a(cmd_bdinfo.o)
                0x00004d64                do_bdinfo
 .text          0x00004e10       0x5c common/libcommon.a(cmd_boot.o)
                0x00004e10                do_go_exec
                0x00004e1c                do_go
 .text          0x00004e6c      0x8e8 common/libcommon.a(cmd_bootm.o)
                0x00004e6c                arch_preboot_os
                0x00004e6c                __arch_preboot_os
                0x00005448                do_bootm_subcommand
                0x00005574                do_bootm
 .text          0x00005754      0x784 common/libcommon.a(cmd_flash.o)
                0x00005874                flash_sect_protect
                0x00005934                flash_sect_roundb
                0x00005afc                do_protect
                0x00005d04                flash_sect_erase
                0x00005d74                do_flerase
                0x00005e88                do_flinfo
 .text          0x00005ed8       0x40 common/libcommon.a(cmd_help.o)
                0x00005ed8                do_help
 .text          0x00005f18      0x98c common/libcommon.a(cmd_load.o)
                0x00005f18                ktrans
                0x00005f38                chk1
                0x00005f80                k_data_init
                0x00005f94                k_data_save
                0x00005fa8                k_data_restore
                0x00005fbc                k_data_char
                0x00006008                send_pad
                0x00006058                s1_sendpacket
                0x00006074                handle_send_packet
                0x00006234                send_nack
                0x00006294                send_ack
                0x00006404                do_load_serial_bin
 .text          0x000068a4      0x85c common/libcommon.a(cmd_mem.o)
                0x000068a4                do_mem_crc
                0x00006918                do_mem_base
                0x00006950                do_mem_mtest
                0x00006b08                do_mem_loop
                0x00006bf4                do_mem_cmp
                0x00006d5c                do_mem_mw
                0x00006e24                do_mem_cp
                0x0000703c                do_mem_nm
                0x00007054                do_mem_mm
                0x0000706c                do_mem_md
 .text          0x00007100      0x28c common/libcommon.a(cmd_net.o)
                0x00007374                do_rarpb
                0x0000737c                do_tftpb
                0x00007384                do_bootp
 .text          0x0000738c      0x74c common/libcommon.a(cmd_nvedit.o)
                0x0000738c                get_env_id
                0x00007398                envmatch
                0x000073d8                getenv_r
                0x000074a0                do_saveenv
                0x000074c0                getenv
                0x00007528                _do_setenv
                0x000078e4                do_setenv
                0x00007900                setenv
                0x000079f4                do_printenv
 .text          0x00007ad8       0x18 common/libcommon.a(cmd_version.o)
                0x00007ad8                do_version
 .text          0x00007af0      0x470 common/libcommon.a(command.o)
                0x00007af0                cmd_get_data_size
                0x00007b34                cmd_usage
                0x00007b4c                find_cmd_tbl
                0x00007c58                find_cmd
                0x00007c80                _do_help
 .text          0x00007f60      0x3c0 common/libcommon.a(console.o)
                0x00007fb8                fgetc
                0x00007fd4                ftstc
                0x00007ff0                fputc
                0x0000800c                fputs
                0x00008028                disable_ctrlc
                0x00008038                had_ctrlc
                0x00008044                clear_ctrlc
                0x00008050                dbg
                0x00008058                console_init_f
                0x00008064                getc
                0x00008078                tstc
                0x0000808c                ctrlc
                0x000080b8                putc
                0x000080cc                puts
                0x000080e0                search_device
                0x000080fc                console_assign
                0x00008124                vprintf
                0x00008140                printf
                0x00008168                stdio_print_current_devices
                0x000081f0                console_init_r
                0x000082cc                fprintf
                0x000082f8                serial_printf
 .text          0x00008320      0xbf4 common/libcommon.a(dlmalloc.o)
                0x00008320                sbrk
                0x00008340                malloc_trim
                0x000083dc                free
                0x00008570                cfree
                0x00008574                malloc
                0x00008a1c                memalign
                0x00008adc                pvalloc
                0x00008af0                valloc
                0x00008af8                malloc_usable_size
                0x00008b28                mallopt
                0x00008b68                calloc
                0x00008bf8                mem_malloc_init
                0x00008c14                realloc
 .text          0x00008f14       0xf8 common/libcommon.a(env_common.o)
                0x00008f14                env_get_char_memory
                0x00008f2c                env_get_addr
                0x00008f44                env_get_char
                0x00008f74                env_crc_update
                0x00008f90                set_default_env
                0x00008fc4                env_relocate
 .text          0x0000900c       0xe4 common/libcommon.a(env_flash.o)
                0x0000900c                env_get_char_spec
                0x00009014                env_relocate_spec
                0x00009028                saveenv
                0x000090b0                env_init
 .text          0x000090f0      0x14c common/libcommon.a(exports.o)
                0x000090f4                get_version
                0x000090f8                jumptable_init
 .text          0x0000923c      0x358 common/libcommon.a(flash.o)
                0x0000923c                addr2info
                0x00009264                flash_perror
                0x000092f4                flash_write
                0x000094bc                flash_protect
 .text          0x00009594      0x808 common/libcommon.a(image.o)
                0x00009594                image_multi_count
                0x000095a8                get_table_entry_name
                0x000095d0                genimg_get_os_name
                0x000095f8                genimg_get_arch_name
                0x00009628                genimg_get_type_name
                0x00009658                genimg_get_comp_name
                0x00009688                genimg_get_image
                0x0000968c                genimg_has_config
                0x00009690                get_table_entry_id
                0x000096c4                genimg_get_comp_id
                0x000096d4                genimg_get_type_id
                0x000096e4                genimg_get_arch_id
                0x000096f4                genimg_get_os_id
                0x00009704                genimg_get_format
                0x00009730                image_multi_getimg
                0x00009834                genimg_print_size
                0x00009854                memmove_wd
                0x00009858                getenv_bootm_low
                0x0000987c                getenv_yesno
                0x00009894                getenv_bootm_size
                0x000098b4                image_check_hcrc
                0x000098f8                image_check_dcrc
                0x00009944                image_print_contents
                0x00009bc8                boot_get_ramdisk
 .text          0x00009d9c      0x7fc common/libcommon.a(main.o)
                0x00009d9c                __show_boot_progress
                0x00009d9c                show_boot_progress
                0x00009da0                parse_line
                0x00009e44                run_command
                0x0000a13c                do_run
                0x0000a30c                readline_into_buffer
                0x0000a448                readline
                0x0000a458                main_loop
 .text          0x0000a598      0x100 common/libcommon.a(stdio.o)
                0x0000a598                stdio_get_list
                0x0000a5a0                stdio_clone
                0x0000a5d4                stdio_register
                0x0000a600                stdio_init
                0x0000a664                stdio_get_by_name
 .text          0x0000a698      0x9b8 common/libcommon.a(xyzModem.o)
                0x0000a698                parse_num
                0x0000a7a0                xyzModem_error
                0x0000a7b8                xyzModem_stream_close
                0x0000a7fc                CYGACC_COMM_IF_PUTC
                0x0000a804                CYGACC_COMM_IF_GETC_TIMEOUT
                0x0000a848                xyzModem_stream_terminate
                0x0000ab74                xyzModem_stream_read
                0x0000aea8                xyzModem_stream_open
 .text          0x0000b050       0x8c board/stm/stm3240g-eval/libstm3240g-eval.a(board.o)
                0x0000b050                board_eth_init
                0x0000b054                board_init
                0x0000b070                dram_init
                0x0000b0c4                checkboard
 .text          0x0000b0dc       0x70 lib_generic/libgeneric.a(crc16.o)
                0x0000b0dc                cyg_crc16
 .text          0x0000b14c      0x238 lib_generic/libgeneric.a(crc32.o)
                0x0000b14c                crc32_no_comp
                0x0000b374                crc32
                0x0000b380                crc32_wd
 .text          0x0000b384      0x350 lib_generic/libgeneric.a(display_options.o)
                0x0000b384                print_size
                0x0000b404                display_options
                0x0000b41c                print_buffer
 .text          0x0000b6d4      0x160 lib_generic/libgeneric.a(gunzip.o)
                0x0000b6d4                zunzip
                0x0000b790                gunzip
                0x0000b81c                zfree
                0x0000b824                zalloc
 .text          0x0000b834       0x9c lib_generic/libgeneric.a(net_utils.o)
                0x0000b834                string_to_ip
 .text          0x0000b8d0       0x20 lib_generic/libgeneric.a(time.o)
                0x0000b8d0                udelay
 .text          0x0000b8f0     0x11d8 lib_generic/libgeneric.a(vsprintf.o)
                0x0000b8f0                simple_strtoul
                0x0000b9bc                simple_strtol
                0x0000b9d8                ustrtoul
                0x0000ba3c                simple_strtoull
                0x0000bc00                panic
                0x0000c10c                vsprintf
                0x0000caa8                sprintf
 .text          0x0000cac8     0x34e4 lib_generic/libgeneric.a(zlib.o)
                0x0000cac8                inflate_fast
                0x0000d0f4                inflate_table
                0x0000d96c                inflateReset
                0x0000d9c0                inflateInit2_
                0x0000da70                inflateInit_
                0x0000da78                inflateEnd
                0x0000dabc                adler32
                0x0000dd38                zcfree
                0x0000dd40                zcalloc
                0x0000dd48                inflate
 .text          0x0000ffac        0x0 lib_generic/libgeneric.a(ctype.o)
 .text          0x0000ffac       0xd8 lib_generic/libgeneric.a(div64.o)
                0x0000ffac                __div64_32
 .text          0x00010084       0x74 cpu/arm_cortexm3/stm32/libstm32.a(cpu.o)
                0x00010084                print_cpuinfo
 .text          0x000100f8       0xb8 cpu/arm_cortexm3/stm32/libstm32.a(fsmc.o)
                0x000100f8                fsmc_nor_psram_init
 .text          0x000101b0      0x16c lib_arm/libarm.a(bootm.o)
                0x000101b0                do_bootm_linux
 .text          0x0001031c        0x4 lib_arm/libarm.a(cache.o)
                0x0001031c                flush_cache
 .text          0x00010320       0x28 lib_arm/libarm.a(reset.o)
                0x00010320                do_reset
 .text          0x00010348      0x198 drivers/gpio/libgpio.a(stm32f2_gpio.o)
                0x00010348                stm32f2_gpout_set
                0x000103a8                stm32f2_gpio_config
 .text          0x000104e0      0x84c drivers/net/libnet.a(stm32_eth.o)
                0x00010504                stm32_eth_init
 .text          0x00010d2c       0x58 lib_generic/libgeneric.a(strmhz.o)
                0x00010d2c                strmhz
 .text          0x00010d84       0x2c /home/choi/new_work/linux-cortexm-1.9.0/tools/arm-2010q1/bin/../lib/gcc/arm-uclinuxeabi/4.4.1/thumb2/libgcc.a(_aeabi_uldivmod.o)
                0x00010d84                __aeabi_uldivmod
 .text          0x00010db0       0x58 /home/choi/new_work/linux-cortexm-1.9.0/tools/arm-2010q1/bin/../lib/gcc/arm-uclinuxeabi/4.4.1/thumb2/libgcc.a(bpabi.o)
                0x00010db0                __gnu_uldivmod_helper
                0x00010ddc                __gnu_ldivmod_helper
 .text          0x00010e08        0x4 /home/choi/new_work/linux-cortexm-1.9.0/tools/arm-2010q1/bin/../lib/gcc/arm-uclinuxeabi/4.4.1/thumb2/libgcc.a(_dvmd_tls.o)
                0x00010e08                __aeabi_ldiv0
                0x00010e08                __aeabi_idiv0
 .text          0x00010e0c      0x364 /home/choi/new_work/linux-cortexm-1.9.0/tools/arm-2010q1/bin/../lib/gcc/arm-uclinuxeabi/4.4.1/thumb2/libgcc.a(_divdi3.o)
                0x00010e0c                __divdi3
 .text          0x00011170      0x300 /home/choi/new_work/linux-cortexm-1.9.0/tools/arm-2010q1/bin/../lib/gcc/arm-uclinuxeabi/4.4.1/thumb2/libgcc.a(_udivdi3.o)
                0x00011170                __udivdi3
 .text          0x00011470      0x278 /home/choi/new_work/linux-cortexm-1.9.0/tools/arm-2010q1/bin/../lib/gcc/arm-uclinuxeabi/4.4.1/thumb2/libgcc.a(_udivsi3.o)
                0x00011470                __udivsi3
                0x00011470                __aeabi_uidiv
                0x000116cc                __aeabi_uidivmod
 *(.rodata*)
 .rodata        0x000116e8       0x40 cpu/arm_cortexm3/start.o
 .rodata.str1.4
                0x00011728       0xc0 cpu/arm_cortexm3/start.o
                                 0xc8 (size before relaxing)
 .rodata.str1.4
                0x000117e8       0xa2 cpu/arm_cortexm3/libarm_cortexm3.a(cmd_cptf.o)
                                 0xa4 (size before relaxing)
 *fill*         0x0001188a        0x2 00
 .rodata        0x0001188c       0x40 cpu/arm_cortexm3/stm32/libstm32.a(clock.o)
 .rodata        0x000118cc       0x50 cpu/arm_cortexm3/stm32/libstm32.a(envm.o)
 .rodata.str1.4
                0x0001191c       0x73 cpu/arm_cortexm3/stm32/libstm32.a(envm.o)
                                 0x74 (size before relaxing)
 *fill*         0x0001198f        0x1 00
 .rodata        0x00011990       0x2c lib_arm/libarm.a(board.o)
                0x00011990                version_string
 .rodata.str1.4
                0x000119bc       0x78 lib_arm/libarm.a(board.o)
                                 0x7c (size before relaxing)
 .rodata        0x00011a34       0x80 lib_arm/libarm.a(interrupts.o)
 .rodata.str1.4
                0x00011ab4      0x293 lib_arm/libarm.a(interrupts.o)
                                0x29c (size before relaxing)
 *fill*         0x00011d47        0x1 00
 .rodata        0x00011d48        0x8 net/libnet.a(eth.o)
 .rodata.str1.4
                0x00011d50       0xd4 net/libnet.a(eth.o)
                                 0xd8 (size before relaxing)
 .rodata        0x00011e24        0x8 net/libnet.a(net.o)
 .rodata.str1.4
                0x00011e2c      0x20d net/libnet.a(net.o)
                                0x214 (size before relaxing)
 *fill*         0x00012039        0x3 00
 .rodata.str1.4
                0x0001203c       0x47 net/libnet.a(rarp.o)
                                 0x48 (size before relaxing)
 *fill*         0x00012083        0x1 00
 .rodata.str1.4
                0x00012084      0x239 net/libnet.a(tftp.o)
                                0x270 (size before relaxing)
 *fill*         0x000122bd        0x3 00
 .rodata.str1.4
                0x000122c0       0x74 net/libnet.a(bootp.o)
                                 0xb4 (size before relaxing)
 .rodata.str1.4
                0x00012334      0x3c7 drivers/mtd/libmtd.a(cfi_flash.o)
                                0x3d0 (size before relaxing)
 *fill*         0x000126fb        0x1 00
 .rodata.str1.4
                0x000126fc       0xb7 common/libcommon.a(cmd_bdinfo.o)
                                 0xc0 (size before relaxing)
 *fill*         0x000127b3        0x1 00
 .rodata.str1.4
                0x000127b4       0x99 common/libcommon.a(cmd_boot.o)
                                 0x9c (size before relaxing)
 *fill*         0x0001284d        0x3 00
 .rodata        0x00012850       0x4c common/libcommon.a(cmd_bootm.o)
 .rodata.str1.4
                0x0001289c      0x4b3 common/libcommon.a(cmd_bootm.o)
                                0x4d8 (size before relaxing)
 *fill*         0x00012d4f        0x1 00
 .rodata.str1.4
                0x00012d50      0x2d1 common/libcommon.a(cmd_flash.o)
                                0x318 (size before relaxing)
 *fill*         0x00013021        0x3 00
 .rodata.str1.4
                0x00013024       0x3d common/libcommon.a(cmd_help.o)
                                 0x40 (size before relaxing)
 *fill*         0x00013061        0x3 00
 .rodata.str1.4
                0x00013064      0x1c8 common/libcommon.a(cmd_load.o)
                                0x1e4 (size before relaxing)
 .rodata.str1.4
                0x0001322c      0x34b common/libcommon.a(cmd_mem.o)
                                0x35c (size before relaxing)
 *fill*         0x00013577        0x1 00
 .rodata.str1.4
                0x00013578      0x108 common/libcommon.a(cmd_net.o)
                                0x14c (size before relaxing)
 .rodata.str1.4
                0x00013680      0x1cc common/libcommon.a(cmd_nvedit.o)
                                0x234 (size before relaxing)
 .rodata.str1.4
                0x0001384c       0x26 common/libcommon.a(cmd_version.o)
                                 0x28 (size before relaxing)
 *fill*         0x00013872        0x2 00
 .rodata        0x00013874       0x58 common/libcommon.a(command.o)
 .rodata.str1.4
                0x000138cc       0x6d common/libcommon.a(command.o)
                                 0x70 (size before relaxing)
 *fill*         0x00013939        0x3 00
 .rodata.str1.4
                0x0001393c       0x7f common/libcommon.a(console.o)
                                 0x9c (size before relaxing)
 *fill*         0x000139bb        0x1 00
 .rodata.str1.4
                0x000139bc       0x33 common/libcommon.a(env_common.o)
                                 0x34 (size before relaxing)
 *fill*         0x000139ef        0x1 00
 .rodata.str1.4
                0x000139f0       0x32 common/libcommon.a(env_flash.o)
                                 0x3c (size before relaxing)
 *fill*         0x00013a22        0x2 00
 .rodata.str1.4
                0x00013a24      0x120 common/libcommon.a(flash.o)
 .rodata.str1.4
                0x00013b44      0x4ff common/libcommon.a(image.o)
                                0x588 (size before relaxing)
 *fill*         0x00014043        0x1 00
 .rodata.str1.4
                0x00014044       0xc5 common/libcommon.a(main.o)
                                 0xe4 (size before relaxing)
 .rodata.str1.4
                0x00000000       0x20 common/libcommon.a(stdio.o)
 *fill*         0x00014109        0x3 00
 .rodata        0x0001410c       0x20 common/libcommon.a(xyzModem.o)
 .rodata.str1.4
                0x0001412c       0xf2 common/libcommon.a(xyzModem.o)
                                 0xf8 (size before relaxing)
 *fill*         0x0001421e        0x2 00
 .rodata.str1.4
                0x00014220       0x38 board/stm/stm3240g-eval/libstm3240g-eval.a(board.o)
 .rodata        0x00014258      0x200 lib_generic/libgeneric.a(crc16.o)
 .rodata        0x00014458      0x400 lib_generic/libgeneric.a(crc32.o)
 .rodata.str1.4
                0x00014858       0x17 lib_generic/libgeneric.a(display_options.o)
                                 0x48 (size before relaxing)
 *fill*         0x0001486f        0x1 00
 .rodata.str1.4
                0x00014870       0x8d lib_generic/libgeneric.a(gunzip.o)
                                 0x90 (size before relaxing)
 *fill*         0x000148fd        0x3 00
 .rodata        0x00014900       0x24 lib_generic/libgeneric.a(vsprintf.o)
                0x00014910                hex_asc
 .rodata.str1.4
                0x00014924        0xf lib_generic/libgeneric.a(vsprintf.o)
                                 0x10 (size before relaxing)
 *fill*         0x00014933        0x1 00
 .rodata        0x00014934      0x9d0 lib_generic/libgeneric.a(zlib.o)
                0x000152dc                z_errmsg
 .rodata.str1.4
                0x00015304      0x23d lib_generic/libgeneric.a(zlib.o)
                                0x244 (size before relaxing)
 *fill*         0x00015541        0x3 00
 .rodata.str1.4
                0x00015544       0x58 cpu/arm_cortexm3/stm32/libstm32.a(cpu.o)
 .rodata        0x0001559c      0x188 cpu/arm_cortexm3/stm32/libstm32.a(fsmc.o)
 .rodata.str1.4
                0x00015724       0x5b lib_arm/libarm.a(bootm.o)
                                 0x70 (size before relaxing)
 *fill*         0x0001577f        0x1 00
 .rodata.str1.4
                0x00015780        0xf lib_arm/libarm.a(reset.o)
                                 0x10 (size before relaxing)
 *fill*         0x0001578f        0x1 00
 .rodata        0x00015790       0x74 drivers/gpio/libgpio.a(stm32f2_gpio.o)
 .rodata.str1.4
                0x00015804       0x38 drivers/gpio/libgpio.a(stm32f2_gpio.o)
 .rodata        0x0001583c       0x64 drivers/net/libnet.a(stm32_eth.o)
 .rodata.str1.4
                0x000158a0      0x260 drivers/net/libnet.a(stm32_eth.o)
                                0x26c (size before relaxing)
 .rodata.str1.4
                0x00015b00        0xc lib_generic/libgeneric.a(strmhz.o)

.data           0x20000000      0xdb0 load address 0x00015b0c
                0x20000000                _data_start = .
                0x00015b0c                _data_lma_start = LOADADDR (.data)
 *(.data)
 .data          0x20000000        0x0 cpu/arm_cortexm3/start.o
 .data          0x20000000        0x0 lib_generic/libgeneric.a(string.o)
 .data          0x20000000        0x0 cpu/arm_cortexm3/libarm_cortexm3.a(cpu.o)
 .data          0x20000000        0x0 cpu/arm_cortexm3/libarm_cortexm3.a(cmd_cptf.o)
 .data          0x20000000        0x0 cpu/arm_cortexm3/libarm_cortexm3.a(timer.o)
 .data          0x20000000        0x0 cpu/arm_cortexm3/stm32/libstm32.a(clock.o)
 .data          0x20000000        0x0 cpu/arm_cortexm3/stm32/libstm32.a(envm.o)
 .data          0x20000000        0x0 cpu/arm_cortexm3/stm32/libstm32.a(wdt.o)
 .data          0x20000000       0x30 lib_arm/libarm.a(board.o)
                0x20000000                init_sequence
 .data          0x20000030        0x0 lib_arm/libarm.a(interrupts.o)
 .data          0x20000030        0x0 net/libnet.a(eth.o)
 .data          0x20000030        0xc net/libnet.a(net.o)
                0x20000030                NetOurVLAN
                0x20000032                NetOurNativeVLAN
                0x20000034                NetBcastAddr
 .data          0x2000003c        0x0 net/libnet.a(rarp.o)
 .data          0x2000003c       0x18 net/libnet.a(tftp.o)
                0x20000048                TftpRRQTimeoutCountMax
                0x20000050                TftpRRQTimeoutMSecs
 .data          0x20000054        0x0 net/libnet.a(bootp.o)
 .data          0x20000054        0x4 drivers/mtd/libmtd.a(cfi_flash.o)
 .data          0x20000058       0x10 drivers/serial/libserial.a(stm32_usart.o)
 .data          0x20000068        0x0 common/libcommon.a(cmd_bdinfo.o)
 .data          0x20000068        0x0 common/libcommon.a(cmd_boot.o)
 .data          0x20000068       0x7c common/libcommon.a(cmd_bootm.o)
                0x20000068                load_addr
                0x2000006c                cmd_bootm_sub
 .data          0x200000e4        0x0 common/libcommon.a(cmd_flash.o)
 .data          0x200000e4        0x0 common/libcommon.a(cmd_help.o)
 .data          0x200000e4        0x0 common/libcommon.a(cmd_load.o)
 .data          0x200000e4        0x4 common/libcommon.a(cmd_mem.o)
                0x200000e4                dp_last_length
 .data          0x200000e8        0x0 common/libcommon.a(cmd_net.o)
 .data          0x200000e8        0x4 common/libcommon.a(cmd_nvedit.o)
 .data          0x200000ec        0x0 common/libcommon.a(cmd_version.o)
 .data          0x200000ec        0x0 common/libcommon.a(command.o)
 .data          0x200000ec        0x0 common/libcommon.a(console.o)
 .data          0x200000ec      0x414 common/libcommon.a(dlmalloc.o)
 .data          0x20000500      0x254 common/libcommon.a(env_common.o)
                0x20000500                default_environment
 .data          0x20000754        0x8 common/libcommon.a(env_flash.o)
                0x20000754                env_ptr
                0x20000758                env_name_spec
 .data          0x2000075c        0x0 common/libcommon.a(exports.o)
 .data          0x2000075c        0x0 common/libcommon.a(flash.o)
 .data          0x2000075c      0x210 common/libcommon.a(image.o)
 .data          0x2000096c       0x10 common/libcommon.a(main.o)
 .data          0x2000097c        0xc common/libcommon.a(stdio.o)
                0x2000097c                stdio_names
 .data          0x20000988        0x0 common/libcommon.a(xyzModem.o)
 .data          0x20000988        0x8 board/stm/stm3240g-eval/libstm3240g-eval.a(board.o)
 .data          0x20000990        0x0 lib_generic/libgeneric.a(crc16.o)
 .data          0x20000990        0x0 lib_generic/libgeneric.a(crc32.o)
 .data          0x20000990        0x0 lib_generic/libgeneric.a(display_options.o)
 .data          0x20000990        0x0 lib_generic/libgeneric.a(gunzip.o)
 .data          0x20000990        0x0 lib_generic/libgeneric.a(net_utils.o)
 .data          0x20000990        0x0 lib_generic/libgeneric.a(time.o)
 .data          0x20000990        0x0 lib_generic/libgeneric.a(vsprintf.o)
 .data          0x20000990        0x0 lib_generic/libgeneric.a(zlib.o)
 .data          0x20000990      0x100 lib_generic/libgeneric.a(ctype.o)
                0x20000990                _ctype
 .data          0x20000a90        0x0 lib_generic/libgeneric.a(div64.o)
 .data          0x20000a90        0x0 cpu/arm_cortexm3/stm32/libstm32.a(cpu.o)
 .data          0x20000a90        0x0 cpu/arm_cortexm3/stm32/libstm32.a(fsmc.o)
 .data          0x20000a90        0x0 lib_arm/libarm.a(bootm.o)
 .data          0x20000a90        0x0 lib_arm/libarm.a(cache.o)
 .data          0x20000a90        0x0 lib_arm/libarm.a(reset.o)
 .data          0x20000a90        0x0 drivers/gpio/libgpio.a(stm32f2_gpio.o)
 .data          0x20000a90       0x90 drivers/net/libnet.a(stm32_eth.o)
 .data          0x20000b20        0x0 lib_generic/libgeneric.a(strmhz.o)
 .data          0x20000b20        0x0 /home/choi/new_work/linux-cortexm-1.9.0/tools/arm-2010q1/bin/../lib/gcc/arm-uclinuxeabi/4.4.1/thumb2/libgcc.a(_aeabi_uldivmod.o)
 .data          0x20000b20        0x0 /home/choi/new_work/linux-cortexm-1.9.0/tools/arm-2010q1/bin/../lib/gcc/arm-uclinuxeabi/4.4.1/thumb2/libgcc.a(bpabi.o)
 .data          0x20000b20        0x0 /home/choi/new_work/linux-cortexm-1.9.0/tools/arm-2010q1/bin/../lib/gcc/arm-uclinuxeabi/4.4.1/thumb2/libgcc.a(_dvmd_tls.o)
 .data          0x20000b20        0x0 /home/choi/new_work/linux-cortexm-1.9.0/tools/arm-2010q1/bin/../lib/gcc/arm-uclinuxeabi/4.4.1/thumb2/libgcc.a(_divdi3.o)
 .data          0x20000b20        0x0 /home/choi/new_work/linux-cortexm-1.9.0/tools/arm-2010q1/bin/../lib/gcc/arm-uclinuxeabi/4.4.1/thumb2/libgcc.a(_udivdi3.o)
 .data          0x20000b20        0x0 /home/choi/new_work/linux-cortexm-1.9.0/tools/arm-2010q1/bin/../lib/gcc/arm-uclinuxeabi/4.4.1/thumb2/libgcc.a(_udivsi3.o)
                0x20000b20                . = ALIGN (0x4)
 *(.ramcode)
 .ramcode       0x20000b20       0x20 cpu/arm_cortexm3/libarm_cortexm3.a(cpu.o)
                0x20000b20                reset_cpu
 .ramcode       0x20000b40       0x2c cpu/arm_cortexm3/libarm_cortexm3.a(cmd_cptf.o)
                0x20000b40                envm_write_and_reset
 .ramcode       0x20000b6c        0xc cpu/arm_cortexm3/stm32/libstm32.a(clock.o)
                0x20000b6c                clock_get
 .ramcode       0x20000b78      0x224 cpu/arm_cortexm3/stm32/libstm32.a(envm.o)
                0x20000b78                envm_write
 *fill*         0x20000d9c        0x4 00
 .ramcode.stub  0x20000da0       0x10 linker stubs
                0x20000db0                _data_end = .

.u_boot_cmd     0x000168bc      0x258
                0x000168bc                . = ALIGN (0x4)
                0x000168bc                __u_boot_cmd_start = .
 *(.u_boot_cmd)
 .u_boot_cmd    0x000168bc       0x14 cpu/arm_cortexm3/libarm_cortexm3.a(cmd_cptf.o)
                0x000168bc                __u_boot_cmd_cptf
 .u_boot_cmd    0x000168d0       0x14 common/libcommon.a(cmd_bdinfo.o)
                0x000168d0                __u_boot_cmd_bdinfo
 .u_boot_cmd    0x000168e4       0x28 common/libcommon.a(cmd_boot.o)
                0x000168e4                __u_boot_cmd_go
                0x000168f8                __u_boot_cmd_reset
 .u_boot_cmd    0x0001690c       0x14 common/libcommon.a(cmd_bootm.o)
                0x0001690c                __u_boot_cmd_bootm
 .u_boot_cmd    0x00016920       0x3c common/libcommon.a(cmd_flash.o)
                0x00016920                __u_boot_cmd_flinfo
                0x00016934                __u_boot_cmd_erase
                0x00016948                __u_boot_cmd_protect
 .u_boot_cmd    0x0001695c       0x28 common/libcommon.a(cmd_help.o)
                0x0001695c                __u_boot_cmd_help
                0x00016970                __u_boot_cmd_question_mark
 .u_boot_cmd    0x00016984       0x28 common/libcommon.a(cmd_load.o)
                0x00016984                __u_boot_cmd_loadb
                0x00016998                __u_boot_cmd_loady
 .u_boot_cmd    0x000169ac       0xc8 common/libcommon.a(cmd_mem.o)
                0x000169ac                __u_boot_cmd_md
                0x000169c0                __u_boot_cmd_mm
                0x000169d4                __u_boot_cmd_nm
                0x000169e8                __u_boot_cmd_mw
                0x000169fc                __u_boot_cmd_cp
                0x00016a10                __u_boot_cmd_cmp
                0x00016a24                __u_boot_cmd_crc32
                0x00016a38                __u_boot_cmd_base
                0x00016a4c                __u_boot_cmd_loop
                0x00016a60                __u_boot_cmd_mtest
 .u_boot_cmd    0x00016a74       0x3c common/libcommon.a(cmd_net.o)
                0x00016a74                __u_boot_cmd_bootp
                0x00016a88                __u_boot_cmd_tftpboot
                0x00016a9c                __u_boot_cmd_rarpboot
 .u_boot_cmd    0x00016ab0       0x50 common/libcommon.a(cmd_nvedit.o)
                0x00016ab0                __u_boot_cmd_saveenv
                0x00016ac4                __u_boot_cmd_printenv
                0x00016ad8                __u_boot_cmd_setenv
                0x00016aec                __u_boot_cmd_run
 .u_boot_cmd    0x00016b00       0x14 common/libcommon.a(cmd_version.o)
                0x00016b00                __u_boot_cmd_version
                0x00016b14                __u_boot_cmd_end = .

.bss            0x20000db0     0x3180
                0x20000db0                _bss_start = .
 *(.bss)
 .bss           0x20000db0        0x4 cpu/arm_cortexm3/start.o
                0x20000db0                _armboot_start
 .bss           0x20000db4        0x4 lib_generic/libgeneric.a(string.o)
                0x20000db4                ___strtok
 .bss           0x20000db8        0x0 cpu/arm_cortexm3/libarm_cortexm3.a(cpu.o)
 .bss           0x20000db8        0x0 cpu/arm_cortexm3/libarm_cortexm3.a(cmd_cptf.o)
 .bss           0x20000db8       0x10 cpu/arm_cortexm3/libarm_cortexm3.a(timer.o)
 .bss           0x20000dc8       0x14 cpu/arm_cortexm3/stm32/libstm32.a(clock.o)
 .bss           0x20000ddc        0x0 cpu/arm_cortexm3/stm32/libstm32.a(envm.o)
 .bss           0x20000ddc        0x0 cpu/arm_cortexm3/stm32/libstm32.a(wdt.o)
 .bss           0x20000ddc        0x4 lib_arm/libarm.a(board.o)
                0x20000ddc                monitor_flash_len
 .bss           0x20000de0        0x0 lib_arm/libarm.a(interrupts.o)
 .bss           0x20000de0       0x14 net/libnet.a(eth.o)
 .bss           0x20000df4     0x25d8 net/libnet.a(net.o)
                0x20000df4                NetState
                0x20000dfc                NetOurEther
                0x20000e04                NetRxPacket
                0x20000e08                NetRxPacketLen
                0x20000e0c                NetOurIP
                0x20000e10                NetArpWaitPacketIP
                0x20000e14                NetArpWaitPacketMAC
                0x20000e18                NetArpWaitReplyIP
                0x20000e1c                NetArpWaitTxPacket
                0x20000e20                NetArpWaitTxPacketSize
                0x20000e24                NetServerIP
                0x20000e28                NetServerEther
                0x20000e30                NetTxPacket
                0x20000e34                NetOurSubnetMask
                0x20000e38                NetOurGatewayIP
                0x20000e50                NetRestartWrap
                0x20000e58                NetArpWaitTimerStart
                0x20000e5c                NetArpWaitTry
                0x20000e60                NetIPID
                0x20000e64                NetEtherNullAddr
                0x20000e6c                PktBuf
                0x20002c8c                NetRxPackets
                0x20002c9c                NetArpWaitPacketBuf
                0x200032c0                NetBootFileXferSize
                0x200032c4                NetOurDNSIP
                0x200032c8                NetOurNISDomain
                0x200032e8                NetOurHostName
                0x20003308                NetOurRootPath
                0x20003348                NetBootFileSize
                0x2000334c                BootFile
 .bss           0x200033cc        0x4 net/libnet.a(rarp.o)
                0x200033cc                RarpTry
 .bss           0x200033d0       0xb4 net/libnet.a(tftp.o)
 .bss           0x20003484        0x8 net/libnet.a(bootp.o)
                0x20003484                BootpTry
                0x20003488                BootpID
 .bss           0x2000348c      0x2c0 drivers/mtd/libmtd.a(cfi_flash.o)
                0x2000348c                flash_info
 .bss           0x2000374c        0x4 drivers/serial/libserial.a(stm32_usart.o)
 .bss           0x20003750        0x0 common/libcommon.a(cmd_bdinfo.o)
 .bss           0x20003750        0x0 common/libcommon.a(cmd_boot.o)
 .bss           0x20003750       0x8c common/libcommon.a(cmd_bootm.o)
 .bss           0x200037dc        0x0 common/libcommon.a(cmd_flash.o)
 .bss           0x200037dc        0x0 common/libcommon.a(cmd_help.o)
 .bss           0x200037dc       0x60 common/libcommon.a(cmd_load.o)
                0x200037ec                os_data_init
                0x200037fc                os_data_char
                0x20003800                his_quote
                0x20003804                his_pad_count
                0x20003808                his_pad_char
                0x20003809                his_eol
                0x2000380c                send_ptr
                0x20003810                send_parms
 .bss           0x2000383c       0x14 common/libcommon.a(cmd_mem.o)
                0x20003840                mm_last_addr
                0x20003844                mm_last_size
                0x20003848                dp_last_addr
                0x2000384c                dp_last_size
 .bss           0x20003850        0x0 common/libcommon.a(cmd_net.o)
 .bss           0x20003850        0x0 common/libcommon.a(cmd_nvedit.o)
 .bss           0x20003850        0x0 common/libcommon.a(cmd_version.o)
 .bss           0x20003850        0x0 common/libcommon.a(command.o)
 .bss           0x20003850        0x8 common/libcommon.a(console.o)
 .bss           0x20003858       0x44 common/libcommon.a(dlmalloc.o)
                0x20003858                mem_malloc_brk
                0x2000385c                mem_malloc_start
                0x20003860                mem_malloc_end
 .bss           0x2000389c        0x0 common/libcommon.a(env_common.o)
 .bss           0x2000389c        0x0 common/libcommon.a(env_flash.o)
 .bss           0x2000389c        0x0 common/libcommon.a(exports.o)
 .bss           0x2000389c        0x0 common/libcommon.a(flash.o)
 .bss           0x2000389c        0x0 common/libcommon.a(image.o)
 .bss           0x2000389c      0x200 common/libcommon.a(main.o)
                0x2000389c                console_buffer
 .bss           0x20003a9c       0x48 common/libcommon.a(stdio.o)
                0x20003ad8                stdio_devices
 .bss           0x20003ae4      0x43c common/libcommon.a(xyzModem.o)
 .bss           0x20003f20        0x0 board/stm/stm3240g-eval/libstm3240g-eval.a(board.o)
 .bss           0x20003f20        0x0 lib_generic/libgeneric.a(crc16.o)
 .bss           0x20003f20        0x0 lib_generic/libgeneric.a(crc32.o)
 .bss           0x20003f20        0x0 lib_generic/libgeneric.a(display_options.o)
 .bss           0x20003f20        0x0 lib_generic/libgeneric.a(gunzip.o)
 .bss           0x20003f20        0x0 lib_generic/libgeneric.a(net_utils.o)
 .bss           0x20003f20        0x0 lib_generic/libgeneric.a(time.o)
 .bss           0x20003f20        0x0 lib_generic/libgeneric.a(vsprintf.o)
 .bss           0x20003f20        0x0 lib_generic/libgeneric.a(zlib.o)
 .bss           0x20003f20        0x0 lib_generic/libgeneric.a(ctype.o)
 .bss           0x20003f20        0x0 lib_generic/libgeneric.a(div64.o)
 .bss           0x20003f20        0x0 cpu/arm_cortexm3/stm32/libstm32.a(cpu.o)
 .bss           0x20003f20        0x4 cpu/arm_cortexm3/stm32/libstm32.a(fsmc.o)
 .bss           0x20003f24        0x4 lib_arm/libarm.a(bootm.o)
 .bss           0x20003f28        0x0 lib_arm/libarm.a(cache.o)
 .bss           0x20003f28        0x0 lib_arm/libarm.a(reset.o)
 .bss           0x20003f28        0x0 drivers/gpio/libgpio.a(stm32f2_gpio.o)
 .bss           0x20003f28        0x8 drivers/net/libnet.a(stm32_eth.o)
 .bss           0x20003f30        0x0 lib_generic/libgeneric.a(strmhz.o)
 .bss           0x20003f30        0x0 /home/choi/new_work/linux-cortexm-1.9.0/tools/arm-2010q1/bin/../lib/gcc/arm-uclinuxeabi/4.4.1/thumb2/libgcc.a(_aeabi_uldivmod.o)
 .bss           0x20003f30        0x0 /home/choi/new_work/linux-cortexm-1.9.0/tools/arm-2010q1/bin/../lib/gcc/arm-uclinuxeabi/4.4.1/thumb2/libgcc.a(bpabi.o)
 .bss           0x20003f30        0x0 /home/choi/new_work/linux-cortexm-1.9.0/tools/arm-2010q1/bin/../lib/gcc/arm-uclinuxeabi/4.4.1/thumb2/libgcc.a(_dvmd_tls.o)
 .bss           0x20003f30        0x0 /home/choi/new_work/linux-cortexm-1.9.0/tools/arm-2010q1/bin/../lib/gcc/arm-uclinuxeabi/4.4.1/thumb2/libgcc.a(_divdi3.o)
 .bss           0x20003f30        0x0 /home/choi/new_work/linux-cortexm-1.9.0/tools/arm-2010q1/bin/../lib/gcc/arm-uclinuxeabi/4.4.1/thumb2/libgcc.a(_udivdi3.o)
 .bss           0x20003f30        0x0 /home/choi/new_work/linux-cortexm-1.9.0/tools/arm-2010q1/bin/../lib/gcc/arm-uclinuxeabi/4.4.1/thumb2/libgcc.a(_udivsi3.o)
 *(COMMON)
                0x20003f30                _bss_end = .

.stack
 *(.stack)

/DISCARD/
 *(*)
                0x00000000                _mem_nvm_base = 0x0
                0x00100000                _mem_nvm_size = 0x100000
                0x20000000                _mem_ram_base = 0x20000000
                0x00005000                _mem_ram_size = 0x5000
                0x20005000                _mem_ram_buf_base = 0x20005000
                0x00016000                _mem_ram_buf_size = 0x16000
                0x2001b000                _mem_malloc_base = 0x2001b000
                0x00004000                _mem_malloc_size = 0x4000
                0x2001f000                _mem_stack_base = 0x2001f000
                0x00001000                _mem_stack_size = 0x1000
                0x20020000                _mem_stack_end = 0x20020000
LOAD cpu/arm_cortexm3/start.o
START GROUP
LOAD lib_generic/libgeneric.a
LOAD lib_generic/lzma/liblzma.a
LOAD lib_generic/lzo/liblzo.a
LOAD cpu/arm_cortexm3/libarm_cortexm3.a
LOAD cpu/arm_cortexm3/stm32/libstm32.a
LOAD lib_arm/libarm.a
LOAD fs/cramfs/libcramfs.a
LOAD fs/fat/libfat.a
LOAD fs/fdos/libfdos.a
LOAD fs/jffs2/libjffs2.a
LOAD fs/reiserfs/libreiserfs.a
LOAD fs/ext2/libext2fs.a
LOAD fs/yaffs2/libyaffs2.a
LOAD fs/ubifs/libubifs.a
LOAD net/libnet.a
LOAD disk/libdisk.a
LOAD drivers/bios_emulator/libatibiosemu.a
LOAD drivers/block/libblock.a
LOAD drivers/dma/libdma.a
LOAD drivers/fpga/libfpga.a
LOAD drivers/gpio/libgpio.a
LOAD drivers/hwmon/libhwmon.a
LOAD drivers/i2c/libi2c.a
LOAD drivers/input/libinput.a
LOAD drivers/misc/libmisc.a
LOAD drivers/mmc/libmmc.a
LOAD drivers/mtd/libmtd.a
LOAD drivers/mtd/nand/libnand.a
LOAD drivers/mtd/onenand/libonenand.a
LOAD drivers/mtd/ubi/libubi.a
LOAD drivers/mtd/spi/libspi_flash.a
LOAD drivers/net/libnet.a
LOAD drivers/net/phy/libphy.a
LOAD drivers/pci/libpci.a
LOAD drivers/pcmcia/libpcmcia.a
LOAD drivers/power/libpower.a
LOAD drivers/spi/libspi.a
LOAD drivers/rtc/librtc.a
LOAD drivers/serial/libserial.a
LOAD drivers/twserial/libtws.a
LOAD drivers/usb/gadget/libusb_gadget.a
LOAD drivers/usb/host/libusb_host.a
LOAD drivers/usb/musb/libusb_musb.a
LOAD drivers/usb/phy/libusb_phy.a
LOAD drivers/video/libvideo.a
LOAD drivers/watchdog/libwatchdog.a
LOAD common/libcommon.a
LOAD libfdt/libfdt.a
LOAD api/libapi.a
LOAD post/libpost.a
LOAD board/stm/stm3240g-eval/libstm3240g-eval.a
END GROUP
LOAD /home/choi/new_work/linux-cortexm-1.9.0/tools/arm-2010q1/bin/../lib/gcc/arm-uclinuxeabi/4.4.1/thumb2/libgcc.a
OUTPUT(u-boot elf32-littlearm)
